BL51 BANKED LINKER/LOCATER V6.22                                                        10/31/2018  18:58:47  PAGE 1


BL51 BANKED LINKER/LOCATER V6.22, INVOKED BY:
C:\KEIL_V5\C51\BIN\BL51.EXE STARTUP.obj, ds18b20.obj, main.obj TO ESP8266Test


MEMORY MODEL: SMALL WITH FLOATING POINT ARITHMETIC


INPUT MODULES INCLUDED:
  STARTUP.obj (?C_STARTUP)
  ds18b20.obj (DS18B20)
  main.obj (MAIN)
  C:\KEIL_V5\C51\LIB\C51FPS.LIB (?C?FPMUL)
  C:\KEIL_V5\C51\LIB\C51FPS.LIB (?C?FCAST)
  C:\KEIL_V5\C51\LIB\C51FPS.LIB (?C?CASTF)
  C:\KEIL_V5\C51\LIB\C51FPS.LIB (?C?FPGETOPN)
  C:\KEIL_V5\C51\LIB\C51S.LIB (?C_INIT)
  C:\KEIL_V5\C51\LIB\C51S.LIB (?C?COPY)
  C:\KEIL_V5\C51\LIB\C51S.LIB (?C?CLDPTR)
  C:\KEIL_V5\C51\LIB\C51S.LIB (?C?CLDOPTR)
  C:\KEIL_V5\C51\LIB\C51S.LIB (?C?UIDIV)
  C:\KEIL_V5\C51\LIB\C51S.LIB (?C?LNEG)


LINK MAP OF MODULE:  ESP8266Test (?C_STARTUP)


            TYPE    BASE      LENGTH    RELOCATION   SEGMENT NAME
            -----------------------------------------------------

            * * * * * * *   D A T A   M E M O R Y   * * * * * * *
            REG     0000H     0008H     ABSOLUTE     "REG BANK 0"
            DATA    0008H     002AH     UNIT         ?DT?MAIN
            DATA    0032H     0013H     UNIT         _DATA_GROUP_
            IDATA   0045H     0001H     UNIT         ?STACK

            * * * * * * *   C O D E   M E M O R Y   * * * * * * *
            CODE    0000H     0003H     ABSOLUTE     
            CODE    0003H     001CH     UNIT         ?PR?_HC595SENDBYTE?MAIN
                    001FH     0004H                  *** GAP ***
            CODE    0023H     0003H     ABSOLUTE     
            CODE    0026H     0364H     UNIT         ?C?LIB_CODE
            CODE    038AH     011BH     UNIT         ?PR?MAIN?MAIN
            CODE    04A5H     008CH     UNIT         ?C_C51STARTUP
            CODE    0531H     005BH     UNIT         ?PR?DS18B20READBYTE?DS18B20
            CODE    058CH     0051H     UNIT         ?PR?TEMPDISPLAYTEST?MAIN
            CODE    05DDH     0046H     UNIT         ?CO?MAIN
            CODE    0623H     003BH     UNIT         ?PR?_DS18B20WRITEBYTE?DS18B20
            CODE    065EH     0035H     UNIT         ?PR?_MATRIXDISPLAY?MAIN
            CODE    0693H     0032H     UNIT         ?C_INITSEG
            CODE    06C5H     002FH     UNIT         ?PR?UARTISR?MAIN
            CODE    06F4H     0024H     UNIT         ?PR?DS18B20INIT?DS18B20
            CODE    0718H     0021H     UNIT         ?PR?_DELAY1MS?MAIN
            CODE    0739H     001AH     UNIT         ?PR?_UARTSENDBYTES?MAIN
            CODE    0753H     0016H     UNIT         ?PR?UARTINIT?MAIN
            CODE    0769H     0013H     UNIT         ?PR?DS18B20TEMPCONVERTCMD?DS18B20
            CODE    077CH     0012H     UNIT         ?PR?BUZZERONOFF?MAIN
            CODE    078EH     0010H     UNIT         ?PR?DS18B20TEMPREADCMD?DS18B20
            CODE    079EH     000DH     UNIT         ?PR?DELAY1MS?DS18B20
BL51 BANKED LINKER/LOCATER V6.22                                                      10/31/2018  18:58:47  PAGE 2


            CODE    07ABH     000DH     UNIT         ?PR?DELAY750MS?DS18B20
            CODE    07B8H     0009H     UNIT         ?PR?DELAY70US?DS18B20
            CODE    07C1H     0009H     UNIT         ?PR?DELAY750US?DS18B20
            CODE    07CAH     0005H     UNIT         ?PR?DELAY15US?DS18B20
            CODE    07CFH     0005H     UNIT         ?PR?DELAY45US?DS18B20



OVERLAY MAP OF MODULE:   ESP8266Test (?C_STARTUP)


SEGMENT                                     DATA_GROUP 
  +--> CALLED SEGMENT                     START    LENGTH
---------------------------------------------------------
?C_C51STARTUP                             -----    -----
  +--> ?PR?MAIN?MAIN
  +--> ?C_INITSEG

?PR?MAIN?MAIN                             0032H    0008H
  +--> ?CO?MAIN
  +--> ?PR?UARTINIT?MAIN
  +--> ?PR?_DELAY1MS?MAIN
  +--> ?PR?_UARTSENDBYTES?MAIN
  +--> ?PR?BUZZERONOFF?MAIN
  +--> ?PR?_MATRIXDISPLAY?MAIN
  +--> ?PR?TEMPDISPLAYTEST?MAIN

?PR?BUZZERONOFF?MAIN                      -----    -----
  +--> ?PR?_DELAY1MS?MAIN

?PR?_MATRIXDISPLAY?MAIN                   003AH    0004H
  +--> ?CO?MAIN
  +--> ?PR?_HC595SENDBYTE?MAIN

?PR?TEMPDISPLAYTEST?MAIN                  003AH    0005H
  +--> ?PR?DS18B20TEMPCONVERTCMD?DS18B20
  +--> ?PR?DS18B20TEMPREADCMD?DS18B20
  +--> ?PR?DS18B20READBYTE?DS18B20

?PR?DS18B20TEMPCONVERTCMD?DS18B20         -----    -----
  +--> ?PR?DS18B20INIT?DS18B20
  +--> ?PR?DELAY1MS?DS18B20
  +--> ?PR?_DS18B20WRITEBYTE?DS18B20
  +--> ?PR?DELAY750MS?DS18B20

?PR?DS18B20INIT?DS18B20                   003FH    0001H
  +--> ?PR?DELAY750US?DS18B20
  +--> ?PR?DELAY15US?DS18B20

?PR?_DS18B20WRITEBYTE?DS18B20             003FH    0005H
  +--> ?PR?DELAY70US?DS18B20

?PR?DS18B20TEMPREADCMD?DS18B20            -----    -----
  +--> ?PR?DS18B20INIT?DS18B20
  +--> ?PR?DELAY1MS?DS18B20
  +--> ?PR?_DS18B20WRITEBYTE?DS18B20

BL51 BANKED LINKER/LOCATER V6.22                                                      10/31/2018  18:58:47  PAGE 3


?PR?DS18B20READBYTE?DS18B20               003FH    0006H
  +--> ?PR?DELAY45US?DS18B20



SYMBOL TABLE OF MODULE:  ESP8266Test (?C_STARTUP)

  VALUE           TYPE          NAME
  ----------------------------------

  -------         MODULE        ?C_STARTUP
  C:04A5H         SEGMENT       ?C_C51STARTUP
  I:0045H         SEGMENT       ?STACK
  C:0000H         PUBLIC        ?C_STARTUP
  D:00E0H         SYMBOL        ACC
  D:00F0H         SYMBOL        B
  D:0083H         SYMBOL        DPH
  D:0082H         SYMBOL        DPL
  N:0000H         SYMBOL        IBPSTACK
  N:0100H         SYMBOL        IBPSTACKTOP
  N:0080H         SYMBOL        IDATALEN
  C:04A8H         SYMBOL        IDATALOOP
  N:0000H         SYMBOL        PBPSTACK
  N:0100H         SYMBOL        PBPSTACKTOP
  N:0000H         SYMBOL        PDATALEN
  N:0000H         SYMBOL        PDATASTART
  N:0000H         SYMBOL        PPAGE
  N:0000H         SYMBOL        PPAGEENABLE
  D:00A0H         SYMBOL        PPAGE_SFR
  D:0081H         SYMBOL        SP
  C:04A5H         SYMBOL        STARTUP1
  N:0000H         SYMBOL        XBPSTACK
  N:0000H         SYMBOL        XBPSTACKTOP
  N:0000H         SYMBOL        XDATALEN
  N:0000H         SYMBOL        XDATASTART
  C:0000H         LINE#         126
  C:04A5H         LINE#         133
  C:04A7H         LINE#         134
  C:04A8H         LINE#         135
  C:04A9H         LINE#         136
  C:04ABH         LINE#         185
  C:04AEH         LINE#         196
  -------         ENDMOD        ?C_STARTUP

  -------         MODULE        DS18B20
  C:0000H         SYMBOL        _ICE_DUMMY_
  B:00B0H.7       PUBLIC        gIO
  D:0090H         PUBLIC        P1
  D:00B0H         PUBLIC        P3
  C:0623H         SYMBOL        _Ds18b20WriteByte
  D:00A8H         PUBLIC        IE
  C:07ABH         SYMBOL        delay750ms
  C:078EH         PUBLIC        Ds18b20TempReadCmd
  C:07C1H         SYMBOL        delay750us
  D:00B8H         PUBLIC        IP
  C:079EH         SYMBOL        delay1ms
  D:0098H         PUBLIC        SCON
BL51 BANKED LINKER/LOCATER V6.22                                                      10/31/2018  18:58:47  PAGE 4


  D:0088H         PUBLIC        TCON
  C:07CAH         SYMBOL        delay15us
  C:07B8H         SYMBOL        delay70us
  C:07CFH         SYMBOL        delay45us
  D:00C8H         PUBLIC        T2CON
  D:00D0H         PUBLIC        PSW
  C:0531H         PUBLIC        Ds18b20ReadByte
  C:0769H         PUBLIC        Ds18b20TempConvertCmd
  C:06F4H         SYMBOL        Ds18b20Init
  -------         PROC          DS18B20INIT
  -------         DO            
  D:003FH         SYMBOL        i
  -------         ENDDO         
  C:06F4H         LINE#         66
  C:06F4H         LINE#         67
  C:06F4H         LINE#         68
  C:06F7H         LINE#         70
  C:06F9H         LINE#         71
  C:06FCH         LINE#         72
  C:06FEH         LINE#         74
  C:0701H         LINE#         75
  C:0704H         LINE#         76
  C:0704H         LINE#         77
  C:0706H         LINE#         78
  C:070DH         LINE#         79
  C:070DH         LINE#         80
  C:0710H         LINE#         81
  C:0710H         LINE#         82
  C:0713H         LINE#         83
  C:0715H         LINE#         84
  C:0717H         LINE#         85
  -------         ENDPROC       DS18B20INIT
  -------         PROC          _DS18B20WRITEBYTE
  D:003FH         SYMBOL        dat
  -------         DO            
  D:0040H         SYMBOL        i
  D:0042H         SYMBOL        j
  -------         ENDDO         
  C:0623H         LINE#         94
  C:0625H         LINE#         95
  C:0625H         LINE#         96
  C:062EH         LINE#         98
  C:0632H         LINE#         99
  C:0632H         LINE#         100
  C:0634H         LINE#         101
  C:063CH         LINE#         102
  C:0641H         LINE#         103
  C:0644H         LINE#         104
  C:0646H         LINE#         105
  C:064CH         LINE#         106
  C:065DH         LINE#         107
  -------         ENDPROC       _DS18B20WRITEBYTE
  -------         PROC          DS18B20READBYTE
  -------         DO            
  D:003FH         SYMBOL        byte
  D:0040H         SYMBOL        bi
  D:0041H         SYMBOL        i
BL51 BANKED LINKER/LOCATER V6.22                                                      10/31/2018  18:58:47  PAGE 5


  D:0043H         SYMBOL        j
  -------         ENDDO         
  C:0531H         LINE#         116
  C:0531H         LINE#         117
  C:0531H         LINE#         118
  C:0536H         LINE#         119
  C:053EH         LINE#         121
  C:0543H         LINE#         122
  C:0543H         LINE#         123
  C:0545H         LINE#         124
  C:054DH         LINE#         125
  C:054FH         LINE#         126
  C:0557H         LINE#         127
  C:055FH         LINE#         128
  C:0565H         LINE#         130
  C:0573H         LINE#         132
  C:0576H         LINE#         133
  C:0589H         LINE#         134
  C:058BH         LINE#         135
  -------         ENDPROC       DS18B20READBYTE
  -------         PROC          DS18B20TEMPCONVERTCMD
  C:0769H         LINE#         140
  C:0769H         LINE#         141
  C:0769H         LINE#         142
  C:076CH         LINE#         143
  C:076FH         LINE#         144
  C:0774H         LINE#         145
  C:0779H         LINE#         146
  -------         ENDPROC       DS18B20TEMPCONVERTCMD
  -------         PROC          DS18B20TEMPREADCMD
  C:078EH         LINE#         149
  C:078EH         LINE#         150
  C:078EH         LINE#         151
  C:0791H         LINE#         152
  C:0794H         LINE#         153
  C:0799H         LINE#         154
  -------         ENDPROC       DS18B20TEMPREADCMD
  -------         PROC          DELAY15US
  -------         DO            
  D:0007H         SYMBOL        a
  -------         ENDDO         
  C:07CAH         LINE#         160
  C:07CAH         LINE#         161
  C:07CAH         LINE#         163
  C:07CEH         LINE#         164
  -------         ENDPROC       DELAY15US
  -------         PROC          DELAY45US
  -------         DO            
  D:0007H         SYMBOL        a
  -------         ENDDO         
  C:07CFH         LINE#         166
  C:07CFH         LINE#         167
  C:07CFH         LINE#         169
  C:07D3H         LINE#         170
  -------         ENDPROC       DELAY45US
  -------         PROC          DELAY70US
  -------         DO            
BL51 BANKED LINKER/LOCATER V6.22                                                      10/31/2018  18:58:47  PAGE 6


  D:0006H         SYMBOL        a
  D:0007H         SYMBOL        b
  -------         ENDDO         
  C:07B8H         LINE#         172
  C:07B8H         LINE#         173
  C:07B8H         LINE#         175
  C:07BAH         LINE#         176
  C:07C0H         LINE#         177
  -------         ENDPROC       DELAY70US
  -------         PROC          DELAY750US
  -------         DO            
  D:0006H         SYMBOL        a
  D:0007H         SYMBOL        b
  -------         ENDDO         
  C:07C1H         LINE#         180
  C:07C1H         LINE#         181
  C:07C1H         LINE#         183
  C:07C3H         LINE#         184
  C:07C9H         LINE#         185
  -------         ENDPROC       DELAY750US
  -------         PROC          DELAY1MS
  -------         DO            
  D:0005H         SYMBOL        a
  D:0006H         SYMBOL        b
  D:0007H         SYMBOL        c
  -------         ENDDO         
  C:079EH         LINE#         187
  C:079EH         LINE#         188
  C:079EH         LINE#         190
  C:07A0H         LINE#         191
  C:07A2H         LINE#         192
  C:07AAH         LINE#         193
  -------         ENDPROC       DELAY1MS
  -------         PROC          DELAY750MS
  -------         DO            
  D:0005H         SYMBOL        a
  D:0006H         SYMBOL        b
  D:0007H         SYMBOL        c
  -------         ENDDO         
  C:07ABH         LINE#         195
  C:07ABH         LINE#         196
  C:07ABH         LINE#         198
  C:07ADH         LINE#         199
  C:07AFH         LINE#         200
  C:07B7H         LINE#         201
  -------         ENDPROC       DELAY750MS
  -------         ENDMOD        DS18B20

  -------         MODULE        MAIN
  C:0000H         SYMBOL        _ICE_DUMMY_
  C:05DDH         PUBLIC        init_1_8266
  C:05EBH         PUBLIC        init_2_8266
  D:0080H         PUBLIC        P0
  C:05FCH         PUBLIC        init_3_8266
  D:0090H         PUBLIC        P1
  D:00A0H         PUBLIC        P2
  D:00B0H         PUBLIC        P3
BL51 BANKED LINKER/LOCATER V6.22                                                      10/31/2018  18:58:47  PAGE 7


  B:00A8H.7       PUBLIC        EA
  D:00A8H         PUBLIC        IE
  C:058CH         PUBLIC        TempDisplayTest
  B:00A8H.4       PUBLIC        ES
  D:00B8H         PUBLIC        IP
  B:0090H.5       PUBLIC        gBuz
  B:0098H.0       PUBLIC        RI
  D:0008H         PUBLIC        flag
  B:0098H.1       PUBLIC        TI
  C:0615H         PUBLIC        gZhu
  C:071CH         PUBLIC        _delay1ms
  C:038AH         PUBLIC        main
  D:0099H         PUBLIC        SBUF
  D:0087H         PUBLIC        PCON
  D:0098H         PUBLIC        SCON
  C:0753H         PUBLIC        UartInit
  D:0089H         PUBLIC        TMOD
  D:0088H         PUBLIC        TCON
  C:0739H         PUBLIC        _UartSendBytes
  C:061DH         SYMBOL        _?ix1000
  D:008DH         PUBLIC        TH1
  C:06C5H         PUBLIC        UartIsr
  D:008BH         PUBLIC        TL1
  C:065EH         PUBLIC        _MatrixDisplay
  B:0088H.6       PUBLIC        TR1
  D:0009H         PUBLIC        Buffer
  B:00B0H.5       PUBLIC        RCK
  C:077CH         PUBLIC        BuzzerOnOff
  B:00B0H.6       PUBLIC        SCK
  D:00C8H         PUBLIC        T2CON
  D:0031H         PUBLIC        i
  B:00B0H.4       PUBLIC        SER
  C:060DH         PUBLIC        gLineCode
  C:0003H         PUBLIC        _Hc595SendByte
  D:00D0H         PUBLIC        PSW
  B:0090H.0       PUBLIC        M1
  -------         PROC          MAIN
  -------         DO            
  D:0032H         SYMBOL        temp
  D:0034H         SYMBOL        temps
  -------         ENDDO         
  C:038AH         LINE#         90
  C:038AH         LINE#         91
  C:038AH         LINE#         92
  C:038FH         LINE#         93
  C:03A0H         LINE#         95
  C:03A3H         LINE#         96
  C:03A5H         LINE#         97
  C:03A8H         LINE#         98
  C:03ABH         LINE#         100
  C:03B4H         LINE#         101
  C:03B7H         LINE#         102
  C:03C0H         LINE#         103
  C:03C3H         LINE#         104
  C:03C6H         LINE#         105
  C:03C9H         LINE#         106
  C:03C9H         LINE#         107
BL51 BANKED LINKER/LOCATER V6.22                                                      10/31/2018  18:58:47  PAGE 8


  C:03C9H         LINE#         108
  C:03FBH         LINE#         109
  C:03FBH         LINE#         110
  C:03FBH         LINE#         111
  C:03FEH         LINE#         112
  C:0400H         LINE#         113
  C:0400H         LINE#         114
  C:0403H         LINE#         115
  C:0405H         LINE#         116
  C:0405H         LINE#         117
  C:0407H         LINE#         118
  C:0409H         LINE#         119
  C:0409H         LINE#         120
  C:040BH         LINE#         121
  C:040DH         LINE#         122
  C:040DH         LINE#         123
  C:0410H         LINE#         124
  C:0412H         LINE#         125
  C:0412H         LINE#         127
  C:0412H         LINE#         128
  C:0412H         LINE#         129
  C:041BH         LINE#         130
  C:041DH         LINE#         131
  C:041DH         LINE#         133
  C:041DH         LINE#         134
  C:041DH         LINE#         135
  C:0424H         LINE#         136
  C:0430H         LINE#         137
  C:043FH         LINE#         138
  C:044FH         LINE#         139
  C:045EH         LINE#         140
  C:046EH         LINE#         141
  C:047DH         LINE#         142
  C:0483H         LINE#         143
  C:048CH         LINE#         144
  C:0493H         LINE#         145
  C:049CH         LINE#         146
  C:049FH         LINE#         147
  C:04A2H         LINE#         148
  -------         ENDPROC       MAIN
  C:0718H         SYMBOL        L?0055
  -------         PROC          L?0054
  -------         ENDPROC       L?0054
  C:0718H         SYMBOL        L?0055
  -------         PROC          _DELAY1MS
  D:0006H         SYMBOL        i
  -------         DO            
  D:0003H         SYMBOL        a
  D:0004H         SYMBOL        b
  D:0005H         SYMBOL        c
  -------         ENDDO         
  C:071CH         LINE#         162
  C:071CH         LINE#         163
  C:071CH         LINE#         166
  C:0725H         LINE#         167
  C:0727H         LINE#         168
  C:0729H         LINE#         169
BL51 BANKED LINKER/LOCATER V6.22                                                      10/31/2018  18:58:47  PAGE 9


  C:0738H         LINE#         170
  -------         ENDPROC       _DELAY1MS
  -------         PROC          _HC595SENDBYTE
  D:0007H         SYMBOL        dat
  -------         DO            
  D:0006H         SYMBOL        i
  D:0005H         SYMBOL        j
  -------         ENDDO         
  C:0003H         LINE#         178
  C:0003H         LINE#         179
  C:0003H         LINE#         180
  C:0006H         LINE#         182
  C:0008H         LINE#         183
  C:000AH         LINE#         185
  C:000AH         LINE#         186
  C:000AH         LINE#         187
  C:000EH         LINE#         188
  C:0012H         LINE#         190
  C:0014H         LINE#         191
  C:0015H         LINE#         192
  C:0016H         LINE#         193
  C:0018H         LINE#         194
  C:001CH         LINE#         196
  C:001EH         LINE#         197
  C:001EH         LINE#         198
  C:001EH         LINE#         199
  -------         ENDPROC       _HC595SENDBYTE
  -------         PROC          _MATRIXDISPLAY
  D:003AH         SYMBOL        zimo
  -------         DO            
  D:0004H         SYMBOL        i
  D:003DH         SYMBOL        j
  -------         ENDDO         
  C:065EH         LINE#         207
  C:0664H         LINE#         208
  C:0664H         LINE#         209
  C:0665H         LINE#         210
  C:0667H         LINE#         211
  C:0667H         LINE#         212
  C:0667H         LINE#         213
  C:0669H         LINE#         214
  C:0669H         LINE#         215
  C:0670H         LINE#         216
  C:0682H         LINE#         217
  C:0687H         LINE#         218
  C:068BH         LINE#         219
  C:068DH         LINE#         220
  C:0692H         LINE#         221
  C:0692H         LINE#         222
  -------         ENDPROC       _MATRIXDISPLAY
  -------         PROC          UARTISR
  C:06C5H         LINE#         235
  C:06CEH         LINE#         237
  C:06D0H         LINE#         238
  C:06D3H         LINE#         239
  C:06D3H         LINE#         240
  C:06D5H         LINE#         241
BL51 BANKED LINKER/LOCATER V6.22                                                      10/31/2018  18:58:47  PAGE 10


  C:06DAH         LINE#         242
  C:06DAH         LINE#         243
  C:06E1H         LINE#         244
  C:06E3H         LINE#         245
  C:06E8H         LINE#         246
  C:06E8H         LINE#         247
  C:06EBH         LINE#         248
  C:06EBH         LINE#         249
  C:06EBH         LINE#         250
  C:06EBH         LINE#         251
  C:06EDH         LINE#         252
  -------         ENDPROC       UARTISR
  -------         PROC          UARTINIT
  C:0753H         LINE#         261
  C:0753H         LINE#         262
  C:0753H         LINE#         263
  C:0756H         LINE#         264
  C:0759H         LINE#         265
  C:075CH         LINE#         266
  C:075FH         LINE#         267
  C:0762H         LINE#         268
  C:0764H         LINE#         269
  C:0766H         LINE#         270
  C:0768H         LINE#         271
  -------         ENDPROC       UARTINIT
  -------         PROC          BUZZERONOFF
  C:077CH         LINE#         279
  C:077CH         LINE#         280
  C:077CH         LINE#         281
  C:077EH         LINE#         282
  C:0785H         LINE#         283
  C:0787H         LINE#         284
  -------         ENDPROC       BUZZERONOFF
  -------         PROC          _UARTSENDBYTES
  D:0001H         SYMBOL        c
  C:0739H         LINE#         294
  C:0739H         LINE#         295
  C:0739H         LINE#         296
  C:073BH         LINE#         297
  C:0740H         LINE#         298
  C:0740H         LINE#         299
  C:0742H         LINE#         300
  C:0745H         LINE#         301
  C:0747H         LINE#         302
  C:074EH         LINE#         304
  C:0750H         LINE#         305
  C:0752H         LINE#         306
  -------         ENDPROC       _UARTSENDBYTES
  -------         PROC          TEMPDISPLAYTEST
  -------         DO            
  D:0006H         SYMBOL        temp
  D:0007H         SYMBOL        tmh
  D:003AH         SYMBOL        tml
  D:0004H         SYMBOL        tDisp
  D:003BH         SYMBOL        t
  -------         ENDDO         
  C:058CH         LINE#         314
BL51 BANKED LINKER/LOCATER V6.22                                                      10/31/2018  18:58:47  PAGE 11


  C:058CH         LINE#         315
  C:058CH         LINE#         316
  C:058FH         LINE#         317
  C:0591H         LINE#         318
  C:0593H         LINE#         319
  C:059BH         LINE#         321
  C:059EH         LINE#         322
  C:05A1H         LINE#         323
  C:05A6H         LINE#         324
  C:05A9H         LINE#         326
  C:05AEH         LINE#         331
  C:05C7H         LINE#         332
  C:05DCH         LINE#         333
  C:05DCH         LINE#         334
  -------         ENDPROC       TEMPDISPLAYTEST
  -------         ENDMOD        MAIN

  -------         MODULE        ?C?FPMUL
  C:0026H         PUBLIC        ?C?FPMUL
  -------         ENDMOD        ?C?FPMUL

  -------         MODULE        ?C?FCAST
  C:0136H         PUBLIC        ?C?FCASTC
  C:0131H         PUBLIC        ?C?FCASTI
  C:012CH         PUBLIC        ?C?FCASTL
  -------         ENDMOD        ?C?FCAST

  -------         MODULE        ?C?CASTF
  C:016AH         PUBLIC        ?C?CASTF
  -------         ENDMOD        ?C?CASTF

  -------         MODULE        ?C?COPY
  C:02BBH         PUBLIC        ?C?COPY
  -------         ENDMOD        ?C?COPY

  -------         MODULE        ?C?CLDPTR
  C:02E1H         PUBLIC        ?C?CLDPTR
  -------         ENDMOD        ?C?CLDPTR

  -------         MODULE        ?C?CLDOPTR
  C:02FAH         PUBLIC        ?C?CLDOPTR
  -------         ENDMOD        ?C?CLDOPTR

  -------         MODULE        ?C?UIDIV
  C:0327H         PUBLIC        ?C?UIDIV
  -------         ENDMOD        ?C?UIDIV

  -------         MODULE        ?C?LNEG
  C:037CH         PUBLIC        ?C?LNEG
  -------         ENDMOD        ?C?LNEG

Program Size: data=70.0 xdata=0 code=2000
LINK/LOCATE RUN COMPLETE.  0 WARNING(S),  0 ERROR(S)
